<html>
<body>
<pre>
<h1>µVision Build Log</h1>
<h2>Project:</h2>
C:\Users\elcod\Desktop\P3\P3\Practica3\Practica3\P3.uvproj
Project File Date:  03/05/2016

<h2>Output:</h2>
Rebuild target 'Target 1'
assembling startup_LPC17xx.s...
compiling system_LPC17xx.c...
compiling main.c...
main.c(299): warning:  #550-D: variable "primo" was set but never used
        static int primo = 0;
main.c: 1 warning, 0 errors
linking...
Program Size: Code=2936 RO-data=236 RW-data=16 ZI-data=608  
".\P3.axf" - 0 Error(s), 1 Warning(s).
</pre>
</body>
</html>
c(299): warning:  #550-D: variable "primo" was set but never used
        static int primo = 0;
main.c: 1 warning, 0 errors
"main.c" - 0 Error(s), 1 Warning(s).
